ESP-ROM:esp32s3-20210327
Build:Mar 27 2021
rst:0x1 (POWERON),boot:0x2b (SPI_FAST_FLASH_BOOT)
SPIWP:0xee
mode:DIO, clock div:1
load:0x3fce3810,len:0x178c
load:0x403c9700,len:0x4
load:0x403c9704,len:0xcb8
load:0x403cc700,len:0x2d84
entry 0x403c9914
[0;32mI (27) boot: ESP-IDF v5.3-dev-422-ga7fbf452fa-dirty 2nd stage bootloader[0m
[0;32mI (27) boot: compile time Apr 16 2024 13:56:24[0m
[0;32mI (28) boot: Multicore bootloader[0m
[0;32mI (32) boot: chip revision: v0.1[0m
[0;32mI (36) boot.esp32s3: Boot SPI Speed : 80MHz[0m
[0;32mI (41) boot.esp32s3: SPI Mode       : DIO[0m
[0;32mI (45) boot.esp32s3: SPI Flash Size : 2MB[0m
[0;32mI (50) boot: Enabling RNG early entropy source...[0m
[0;32mI (56) boot: Partition Table:[0m
[0;32mI (59) boot: ## Label            Usage          Type ST Offset   Length[0m
[0;32mI (66) boot:  0 nvs              WiFi data        01 02 00009000 00006000[0m
[0;32mI (74) boot:  1 phy_init         RF data          01 01 0000f000 00001000[0m
[0;32mI (81) boot:  2 factory          factory app      00 00 00010000 00100000[0m
[0;32mI (89) boot: End of partition table[0m
[0;32mI (93) esp_image: segment 0: paddr=00010020 vaddr=3c020020 size=0fd9ch ( 64924) map[0m
[0;32mI (113) esp_image: segment 1: paddr=0001fdc4 vaddr=3fc93e00 size=00254h (   596) load[0m
[0;32mI (114) esp_image: segment 2: paddr=00020020 vaddr=42000020 size=1f83ch (129084) map[0m
[0;32mI (142) esp_image: segment 3: paddr=0003f864 vaddr=3fc94054 size=02854h ( 10324) load[0m
[0;32mI (144) esp_image: segment 4: paddr=000420c0 vaddr=40374000 size=0fdb8h ( 64952) load[0m
[0;32mI (168) boot: Loaded app from partition at offset 0x10000[0m
[0;32mI (168) boot: Disabling RNG early entropy source...[0m
[0;32mI (180) cpu_start: Multicore app[0m
[0;32mI (189) cpu_start: Pro cpu start user code[0m
[0;32mI (189) cpu_start: cpu freq: 160000000 Hz[0m
[0;32mI (189) cpu_start: Application information:[0m
[0;32mI (192) cpu_start: Project name:     GAME1[0m
[0;32mI (197) cpu_start: App version:      00263c8-dirty[0m
[0;32mI (203) cpu_start: Compile time:     Apr 16 2024 13:56:17[0m
[0;32mI (209) cpu_start: ELF file SHA256:  2d64f7b8c...[0m
[0;32mI (214) cpu_start: ESP-IDF:          v5.3-dev-422-ga7fbf452fa-dirty[0m
[0;32mI (221) cpu_start: Min chip rev:     v0.0[0m
[0;32mI (226) cpu_start: Max chip rev:     v0.99 [0m
[0;32mI (231) cpu_start: Chip rev:         v0.1[0m
[0;32mI (235) heap_init: Initializing. RAM available for dynamic allocation:[0m
[0;32mI (243) heap_init: At 3FC97260 len 000524B0 (329 KiB): RAM[0m
[0;32mI (249) heap_init: At 3FCE9710 len 00005724 (21 KiB): RAM[0m
[0;32mI (255) heap_init: At 3FCF0000 len 00008000 (32 KiB): DRAM[0m
[0;32mI (261) heap_init: At 600FE010 len 00001FD8 (7 KiB): RTCRAM[0m
[0;32mI (268) spi_flash: detected chip: generic[0m
[0;32mI (272) spi_flash: flash io: dio[0m
[0;33mW (276) spi_flash: Detected size(8192k) larger than the size in the binary image header(2048k). Using the size in the binary image header.[0m
[0;33mW (289) ADC: legacy driver is deprecated, please migrate to `esp_adc/adc_oneshot.h`[0m
[0;32mI (297) sleep: Configure to isolate all GPIO pins in sleep state[0m
[0;32mI (304) sleep: Enable automatic switching of GPIO sleep configuration[0m
[0;32mI (311) main_task: Started on CPU0[0m
[0;32mI (321) main_task: Calling app_main()[0m
[0;32mI (321) SENDER: Start Sender Configuration[0m
[0;32mI (321) NRF24: CONFIG_MISO_GPIO=37[0m
[0;32mI (331) NRF24: CONFIG_MOSI_GPIO=35[0m
[0;32mI (331) NRF24: CONFIG_SCLK_GPIO=36[0m
[0;32mI (341) NRF24: CONFIG_CE_GPIO=38[0m
[0;32mI (341) NRF24: CONFIG_CSN_GPIO=39[0m
[0;32mI (341) gpio: GPIO[38]| InputEn: 0| OutputEn: 0| OpenDrain: 0| Pullup: 1| Pulldown: 0| Intr:0 [0m
[0;32mI (351) gpio: GPIO[39]| InputEn: 0| OutputEn: 0| OpenDrain: 0| Pullup: 1| Pulldown: 0| Intr:0 [0m
[0;32mI (361) NRF24: spi_bus_initialize=0[0m
[0;32mI (371) NRF24: spi_bus_add_device=0[0m
[0;33mW (371) SENDER: Set RF Data Ratio to 1MBps[0m
[0;33mW (371) SENDER: CONFIG_RETRANSMIT_DELAY=0[0m
================ SPI Configuration ================
CSN Pin  	 = GPIO39
CE Pin		 = GPIO38
Clock Speed	 = 4000000
================ NRF Configuration ================
STATUS		 = 0x0e RX_DR=0 TX_DS=0 MAX_RT=0 RX_P_NO=7 TX_FULL=0
RX_ADDR_P0-1	 = 0x4142434445 0xc2c2c2c2c2
RX_ADDR_P2-5	 = 0xc3 0xc4 0xc5 0xc6
TX_ADDR		 = 0x4142434445
RX_PW_P0-6	 = 0x04 0x04 0x00 0x00 0x00 0x00
EN_AA		 = 0x3f
EN_RXADDR	 = 0x03
RF_CH		 = 0x70
RF_SETUP	 = 0x07
CONFIG		 = 0x2b
DYNPD/FEATURE	 = 0x00 0x00
Data Rate	 = 1Mbps
CRC Length	 = 8 bits
PA Power	 = PA_MAX
Retransmit	 = 250 us
[0;32mI (531) main_task: Returned from app_main()[0m
[0;32mI (631) GAME1: game initialised[0m
[0;32mI (631) GAME1: human turn[0m
[0;33mW (1431) LDR: ldr0 values: 2683[0m
[0;31mE (5621) task_wdt: Task watchdog got triggered. The following tasks/users did not reset the watchdog in time:[0m
[0;31mE (5621) task_wdt:  - IDLE0 (CPU 0)[0m
[0;31mE (5621) task_wdt: Tasks currently running:[0m
[0;31mE (5621) task_wdt: CPU 0: GAME[0m
[0;31mE (5621) task_wdt: CPU 1: SENDER[0m
[0;31mE (5621) task_wdt: Print CPU 0 (current core) backtrace[0m


Backtrace: 0x4200DF23:0x3FC94E00 0x4200E0CE:0x3FC94E20 0x40377279:0x3FC94E40 0x400559DD:0x3FC9E200 0x4037B2FD:0x3FC9E210 0x4201E846:0x3FC9E230 0x4201E91B:0x3FC9E250 0x4200F625:0x3FC9E270 0x4200F71C:0x3FC9E2A0 0x420089CB:0x3FC9E2E0 0x4037B135:0x3FC9E330

[0;32mI (9471) GAME:ADC: channel 3 (Column 2) is below the threshold: 2451 < 2453[0m
[0;31mE (9471) game-test: MASK is 4, POSITION is 4[0m
[0;32mI (9571) GAME1: computer turn[0m
[0;32mI (9571) GAME: moveC is 6 and buffer is tï¿½ï¿½?[0m
[0;32mI (9571) GAME: next move C is 6[0m
[0;31mE (9571) game-test: MASK is 68, POSITION is 64[0m
[0;32mI (9571) GAME: moveC is 6 and buffer is ï¿½ï¿½?[0m
[0;32mI (9591) SENDER: Send success: 6[0m
[0;32mI (9671) GAME1: human turn[0m
[0;32mI (12981) GAME:ADC: channel 5 (Column 3) is below the threshold: 2407 < 2415[0m
[0;31mE (12981) game-test: MASK is 76, POSITION is 12[0m
[0;32mI (13081) GAME1: computer turn[0m
[0;32mI (13081) GAME: next move C is 6[0m
[0;31mE (13081) game-test: MASK is 8268, POSITION is 8256[0m
[0;32mI (13181) GAME1: human turn[0m
[0;32mI (16511) GAME:ADC: channel 1077374472 (Column 7) is below the threshold: 1882 < 1886[0m
[0;31mE (16511) game-test: MASK is 8396, POSITION is 140[0m
[0;32mI (16611) GAME1: computer turn[0m
[0;32mI (16611) GAME: next move C is 6[0m
[0;31mE (16611) game-test: MASK is 1056972, POSITION is 1056832[0m
[0;32mI (16711) GAME1: human turn[0m
[0;32mI (17591) GAME: moveC is 6 and buffer is ï¿½ï¿½?[0m
[0;32mI (17591) GAME: moveC is 6 and buffer is ï¿½ï¿½?[0m
[0;32mI (17601) SENDER: Send success: 6[0m
